// Bun Snapshot v1, https://bun.sh/docs/test/snapshots

exports[`generateModelConfig no providers available returns ULTIMATE_FALLBACK for all agents and categories when no providers 1`] = `
{
  "$schema": "https://raw.githubusercontent.com/michaelxer/oh-my-cortex/dev/assets/oh-my-cortex.schema.json",
  "agents": {
    "critic": {
      "model": "opencode/gpt-5-nano",
    },
    "founder": {
      "model": "opencode/gpt-5-nano",
    },
    "lead": {
      "model": "opencode/gpt-5-nano",
    },
    "planner": {
      "model": "opencode/gpt-5-nano",
    },
    "researcher": {
      "model": "opencode/gpt-5-nano",
    },
    "reviewer": {
      "model": "opencode/gpt-5-nano",
    },
    "spotter": {
      "model": "opencode/gpt-5-nano",
    },
    "thinker": {
      "model": "opencode/gpt-5-nano",
    },
    "tracker": {
      "model": "opencode/gpt-5-nano",
    },
    "worker": {
      "model": "opencode/gpt-5-nano",
    },
  },
  "categories": {
    "artistry": {
      "model": "opencode/gpt-5-nano",
    },
    "coaching": {
      "model": "opencode/gpt-5-nano",
    },
    "communication": {
      "model": "opencode/gpt-5-nano",
    },
    "crisis": {
      "model": "opencode/gpt-5-nano",
    },
    "deep": {
      "model": "opencode/gpt-5-nano",
    },
    "quick": {
      "model": "opencode/gpt-5-nano",
    },
    "research-synthesis": {
      "model": "opencode/gpt-5-nano",
    },
    "strategic-analysis": {
      "model": "opencode/gpt-5-nano",
    },
    "ultrabrain": {
      "model": "opencode/gpt-5-nano",
    },
    "unspecified-high": {
      "model": "opencode/gpt-5-nano",
    },
    "unspecified-low": {
      "model": "opencode/gpt-5-nano",
    },
    "visual-engineering": {
      "model": "opencode/gpt-5-nano",
    },
    "writing": {
      "model": "opencode/gpt-5-nano",
    },
  },
}
`;
